CONTROLLER      NGPIOS  PROVIDER
gpio_sim1       6       /pseudo/gpio_sim@1
