gpio_sim0
gpio_sim0
gpio_sim0
gpio_sim0
gpio_sim0
gpio_sim0
