0ns
9.999us
10.000ms
10.000s
2.778h
115.741d
584.942y

